// Jest Snapshot v1, https://goo.gl/fbAQLP

exports[`Task component renders correctly 1`] = `[Function]`;
