// Jest Snapshot v1, https://goo.gl/fbAQLP

exports[`TaskList component render correctly 1`] = `[Function]`;
