// Jest Snapshot v1, https://goo.gl/fbAQLP

exports[`TaskSearch component renders correctly 1`] = `[Function]`;
