// Jest Snapshot v1, https://goo.gl/fbAQLP

exports[`TaskListCompleted component renders correctly 1`] = `[Function]`;
