// Jest Snapshot v1, https://goo.gl/fbAQLP

exports[`CommonCommonInvalidValiadationFeedback component renders correctly 1`] = `[Function]`;

exports[`CommonInvalidValiadationFeedbackProps component renders correctly 1`] = `[Function]`;
